#
# There is insufficient memory for the Java Runtime Environment to continue.
# Native memory allocation (malloc) failed to allocate 1048256 bytes. Error detail: Chunk::new
# Possible reasons:
#   The system is out of physical RAM or swap space
#   This process is running with CompressedOops enabled, and the Java Heap may be blocking the growth of the native heap
# Possible solutions:
#   Reduce memory load on the system
#   Increase physical memory or swap space
#   Check if swap backing store is full
#   Decrease Java heap size (-Xmx/-Xms)
#   Decrease number of Java threads
#   Decrease Java thread stack sizes (-Xss)
#   Set larger code cache with -XX:ReservedCodeCacheSize=
#   JVM is running with Unscaled Compressed Oops mode in which the Java heap is
#     placed in the first 4GB address space. The Java Heap base address is the
#     maximum limit for the native heap growth. Please use -XX:HeapBaseMinAddress
#     to set the Java Heap base and to place the Java Heap above 4GB virtual address.
# This output file may be truncated or incomplete.
#
#  Out of Memory Error (arena.cpp:191), pid=19032, tid=6808
#
# JRE version: OpenJDK Runtime Environment Temurin-17.0.19+10 (17.0.19+10) (build 17.0.19+10)
# Java VM: OpenJDK 64-Bit Server VM Temurin-17.0.19+10 (17.0.19+10, mixed mode, sharing, tiered, compressed oops, compressed class ptrs, g1 gc, windows-amd64)
# No core dump will be written. Minidumps are not enabled by default on client versions of Windows
#

---------------  S U M M A R Y ------------

Command Line: --add-opens=java.base/java.lang=ALL-UNNAMED --add-opens=java.base/java.lang.invoke=ALL-UNNAMED --add-opens=java.base/java.util=ALL-UNNAMED --add-opens=java.prefs/java.util.prefs=ALL-UNNAMED --add-exports=jdk.compiler/com.sun.tools.javac.api=ALL-UNNAMED --add-exports=jdk.compiler/com.sun.tools.javac.util=ALL-UNNAMED --add-opens=java.base/java.util=ALL-UNNAMED --add-opens=java.prefs/java.util.prefs=ALL-UNNAMED --add-opens=java.base/java.nio.charset=ALL-UNNAMED --add-opens=java.base/java.net=ALL-UNNAMED --add-opens=java.base/java.util.concurrent=ALL-UNNAMED --add-opens=java.base/java.util.concurrent.atomic=ALL-UNNAMED --add-opens=java.xml/javax.xml.namespace=ALL-UNNAMED --add-opens=java.base/java.time=ALL-UNNAMED -Xmx2048m -Dfile.encoding=UTF-8 -Duser.country=PT -Duser.language=pt -Duser.variant -javaagent:C:\gradle\wrapper\dists\gradle-9.3.0-bin\79n14ral3mx1ozqr3csh2u872\gradle-9.3.0\lib\agents\gradle-instrumentation-agent-9.3.0.jar org.gradle.launcher.daemon.bootstrap.GradleDaemon 9.3.0

Host: AMD Ryzen 7 PRO 3700U w/ Radeon Vega Mobile Gfx, 8 cores, 13G,  Windows 11 , 64 bit Build 26100 (10.0.26100.7623)
Time: Tue Jun 30 12:48:40 2026 Hora de Verão de GMT elapsed time: 9.451965 seconds (0d 0h 0m 9s)

---------------  T H R E A D  ---------------

Current thread (0x000002c07efb7740):  JavaThread "C2 CompilerThread1" daemon [_thread_in_native, id=6808, stack(0x000000d468100000,0x000000d468200000)]


Current CompileTask:
C2:9452 2361   !   4       java.lang.ClassLoader::loadClass (121 bytes)

Stack: [0x000000d468100000,0x000000d468200000]
Native frames: (J=compiled Java code, j=interpreted, Vv=VM code, C=native code)
V  [jvm.dll+0x684b29]
V  [jvm.dll+0x83a2d5]
V  [jvm.dll+0x83bd4e]
V  [jvm.dll+0x83c3d3]
V  [jvm.dll+0x24905f]
V  [jvm.dll+0xad536]
V  [jvm.dll+0xadbdc]
V  [jvm.dll+0x2b073f]
V  [jvm.dll+0x58aea5]
V  [jvm.dll+0x222fe4]
V  [jvm.dll+0x2233dd]
V  [jvm.dll+0x21c08b]
V  [jvm.dll+0x2191a2]
V  [jvm.dll+0x1a49f0]
V  [jvm.dll+0x2299fa]
V  [jvm.dll+0x227bab]
V  [jvm.dll+0x7f0a88]
V  [jvm.dll+0x7eaf1c]
V  [jvm.dll+0x6839f7]
C  [ucrtbase.dll+0x37b0]
C  [KERNEL32.DLL+0x2e8d7]
C  [ntdll.dll+0x8c53c]


---------------  P R O C E S S  ---------------

Threads class SMR info:
_java_thread_list=0x000002c063eb4430, length=26, elements={
0x000002c075a80d80, 0x000002c07ef92c30, 0x000002c07ef96280, 0x000002c07efaf710,
0x000002c07efaffe0, 0x000002c07efb2a40, 0x000002c07efb4090, 0x000002c07f0f8090,
0x000002c07efba1c0, 0x000002c07f102ab0, 0x000002c07f105840, 0x000002c07f102fc0,
0x000002c07f106260, 0x000002c07f104e20, 0x000002c07f1039e0, 0x000002c07f104400,
0x000002c07f104910, 0x000002c07f105d50, 0x000002c07f6449b0, 0x000002c07f645df0,
0x000002c07f643a80, 0x000002c07f643f90, 0x000002c07f643060, 0x000002c07f646810,
0x000002c07f646d20, 0x000002c07efb7740
}

Java Threads: ( => current thread )
  0x000002c075a80d80 JavaThread "main" [_thread_blocked, id=19328, stack(0x000000d465c00000,0x000000d465d00000)]
  0x000002c07ef92c30 JavaThread "Reference Handler" daemon [_thread_blocked, id=6032, stack(0x000000d466300000,0x000000d466400000)]
  0x000002c07ef96280 JavaThread "Finalizer" daemon [_thread_blocked, id=19176, stack(0x000000d466400000,0x000000d466500000)]
  0x000002c07efaf710 JavaThread "Signal Dispatcher" daemon [_thread_blocked, id=18656, stack(0x000000d466500000,0x000000d466600000)]
  0x000002c07efaffe0 JavaThread "Attach Listener" daemon [_thread_blocked, id=17468, stack(0x000000d466600000,0x000000d466700000)]
  0x000002c07efb2a40 JavaThread "Service Thread" daemon [_thread_blocked, id=19140, stack(0x000000d466700000,0x000000d466800000)]
  0x000002c07efb4090 JavaThread "Monitor Deflation Thread" daemon [_thread_blocked, id=16504, stack(0x000000d466800000,0x000000d466900000)]
  0x000002c07f0f8090 JavaThread "C2 CompilerThread0" daemon [_thread_in_native, id=3820, stack(0x000000d466900000,0x000000d466a00000)]
  0x000002c07efba1c0 JavaThread "C1 CompilerThread0" daemon [_thread_blocked, id=8768, stack(0x000000d466a00000,0x000000d466b00000)]
  0x000002c07f102ab0 JavaThread "Sweeper thread" daemon [_thread_blocked, id=2196, stack(0x000000d466b00000,0x000000d466c00000)]
  0x000002c07f105840 JavaThread "Common-Cleaner" daemon [_thread_blocked, id=18112, stack(0x000000d466c00000,0x000000d466d00000)]
  0x000002c07f102fc0 JavaThread "Notification Thread" daemon [_thread_blocked, id=18452, stack(0x000000d466d00000,0x000000d466e00000)]
  0x000002c07f106260 JavaThread "Daemon health stats" [_thread_blocked, id=7024, stack(0x000000d467500000,0x000000d467600000)]
  0x000002c07f104e20 JavaThread "Incoming local TCP Connector on port 49245" [_thread_in_native, id=19436, stack(0x000000d466f00000,0x000000d467000000)]
  0x000002c07f1039e0 JavaThread "Daemon periodic checks" [_thread_blocked, id=8080, stack(0x000000d467600000,0x000000d467700000)]
  0x000002c07f104400 JavaThread "Daemon" [_thread_blocked, id=7840, stack(0x000000d467700000,0x000000d467800000)]
  0x000002c07f104910 JavaThread "Handler for socket connection from /127.0.0.1:49245 to /127.0.0.1:49246" [_thread_in_native, id=9892, stack(0x000000d467800000,0x000000d467900000)]
  0x000002c07f105d50 JavaThread "Cancel handler" [_thread_blocked, id=17204, stack(0x000000d467900000,0x000000d467a00000)]
  0x000002c07f6449b0 JavaThread "Daemon worker" [_thread_in_vm, id=14872, stack(0x000000d467a00000,0x000000d467b00000)]
  0x000002c07f645df0 JavaThread "Asynchronous log dispatcher for DefaultDaemonConnection: socket connection from /127.0.0.1:49245 to /127.0.0.1:49246" [_thread_blocked, id=18944, stack(0x000000d467b00000,0x000000d467c00000)]
  0x000002c07f643a80 JavaThread "Stdin handler" [_thread_blocked, id=7416, stack(0x000000d467c00000,0x000000d467d00000)]
  0x000002c07f643f90 JavaThread "Daemon client event forwarder" [_thread_blocked, id=18936, stack(0x000000d467d00000,0x000000d467e00000)]
  0x000002c07f643060 JavaThread "Cache worker for journal cache (C:\gradle\caches\journal-1)" [_thread_blocked, id=18976, stack(0x000000d467e00000,0x000000d467f00000)]
  0x000002c07f646810 JavaThread "File lock request listener" [_thread_in_native, id=7936, stack(0x000000d467f00000,0x000000d468000000)]
  0x000002c07f646d20 JavaThread "Cache worker for file hash cache (C:\gradle\caches\9.3.0\fileHashes)" [_thread_blocked, id=9544, stack(0x000000d468000000,0x000000d468100000)]
=>0x000002c07efb7740 JavaThread "C2 CompilerThread1" daemon [_thread_in_native, id=6808, stack(0x000000d468100000,0x000000d468200000)]

Other Threads:
  0x000002c07ef8e7c0 VMThread "VM Thread" [stack: 0x000000d466200000,0x000000d466300000] [id=976]
  0x000002c075a81b10 WatcherThread [stack: 0x000000d466e00000,0x000000d466f00000] [id=14436]
  0x000002c0737ee870 GCTaskThread "GC Thread#0" [stack: 0x000000d465d00000,0x000000d465e00000] [id=18920]
  0x000002c07f662250 GCTaskThread "GC Thread#1" [stack: 0x000000d467100000,0x000000d467200000] [id=15488]
  0x000002c07f676110 GCTaskThread "GC Thread#2" [stack: 0x000000d467200000,0x000000d467300000] [id=5956]
  0x000002c07f6763d0 GCTaskThread "GC Thread#3" [stack: 0x000000d467300000,0x000000d467400000] [id=9652]
  0x000002c07f676690 GCTaskThread "GC Thread#4" [stack: 0x000000d467400000,0x000000d467500000] [id=18612]
  0x000002c075aeacd0 ConcurrentGCThread "G1 Main Marker" [stack: 0x000000d465e00000,0x000000d465f00000] [id=18532]
  0x000002c075aec2d0 ConcurrentGCThread "G1 Conc#0" [stack: 0x000000d465f00000,0x000000d466000000] [id=17828]
  0x000002c07ee4e1d0 ConcurrentGCThread "G1 Refine#0" [stack: 0x000000d466000000,0x000000d466100000] [id=3868]
  0x000002c07fb957d0 ConcurrentGCThread "G1 Refine#1" [stack: 0x000000d467000000,0x000000d467100000] [id=19108]
  0x000002c07ee4e9b0 ConcurrentGCThread "G1 Service" [stack: 0x000000d466100000,0x000000d466200000] [id=16292]

Threads with active compile tasks:
C2 CompilerThread0  9529 2453   !   4       java.net.URLClassLoader::findClass (47 bytes)
C2 CompilerThread1  9530 2361   !   4       java.lang.ClassLoader::loadClass (121 bytes)

VM state: not at safepoint (normal execution)

VM Mutex/Monitor currently owned by a thread: None

Heap address: 0x0000000080000000, size: 2048 MB, Compressed Oops mode: 32-bit

CDS archive(s) mapped at: [0x000002c015000000-0x000002c015bb0000-0x000002c015bb0000), size 12255232, SharedBaseAddress: 0x000002c015000000, ArchiveRelocationMode: 1.
Compressed class space mapped at: 0x000002c016000000-0x000002c056000000, reserved size: 1073741824
Narrow klass base: 0x000002c015000000, Narrow klass shift: 0, Narrow klass range: 0x100000000

GC Precious Log:
 CPUs: 8 total, 8 available
 Memory: 14245M
 Large Page Support: Disabled
 NUMA Support: Disabled
 Compressed Oops: Enabled (32-bit)
 Heap Region Size: 1M
 Heap Min Capacity: 8M
 Heap Initial Capacity: 224M
 Heap Max Capacity: 2G
 Pre-touch: Disabled
 Parallel Workers: 8
 Concurrent Workers: 2
 Concurrent Refinement Workers: 8
 Periodic GC: Disabled

Heap:
 garbage-first heap   total 229376K, used 96795K [0x0000000080000000, 0x0000000100000000)
  region size 1024K, 83 young (84992K), 5 survivors (5120K)
 Metaspace       used 18224K, committed 18560K, reserved 1114112K
  class space    used 2437K, committed 2624K, reserved 1048576K

Heap Regions: E=young(eden), S=young(survivor), O=old, HS=humongous(starts), HC=humongous(continues), CS=collection set, F=free, OA=open archive, CA=closed archive, TAMS=top-at-mark-start (previous, next)
|   0|0x0000000080000000, 0x0000000080100000, 0x0000000080100000|100%|HS|  |TAMS 0x0000000080000000, 0x0000000080000000| Complete 
|   1|0x0000000080100000, 0x0000000080200000, 0x0000000080200000|100%|HC|  |TAMS 0x0000000080100000, 0x0000000080100000| Complete 
|   2|0x0000000080200000, 0x0000000080300000, 0x0000000080300000|100%|HC|  |TAMS 0x0000000080200000, 0x0000000080200000| Complete 
|   3|0x0000000080300000, 0x0000000080400000, 0x0000000080400000|100%|HC|  |TAMS 0x0000000080300000, 0x0000000080300000| Complete 
|   4|0x0000000080400000, 0x0000000080500000, 0x0000000080500000|100%| O|  |TAMS 0x0000000080400000, 0x0000000080400000| Untracked 
|   5|0x0000000080500000, 0x0000000080600000, 0x0000000080600000|100%| O|  |TAMS 0x0000000080500000, 0x0000000080500000| Untracked 
|   6|0x0000000080600000, 0x0000000080700000, 0x0000000080700000|100%| O|  |TAMS 0x0000000080600000, 0x0000000080600000| Untracked 
|   7|0x0000000080700000, 0x0000000080800000, 0x0000000080800000|100%|HS|  |TAMS 0x0000000080700000, 0x0000000080700000| Complete 
|   8|0x0000000080800000, 0x0000000080900000, 0x0000000080900000|100%|HS|  |TAMS 0x0000000080800000, 0x0000000080800000| Complete 
|   9|0x0000000080900000, 0x0000000080a00000, 0x0000000080a00000|100%| O|  |TAMS 0x0000000080900000, 0x0000000080900000| Untracked 
|  10|0x0000000080a00000, 0x0000000080b00000, 0x0000000080b00000|100%| O|  |TAMS 0x0000000080a00000, 0x0000000080a00000| Untracked 
|  11|0x0000000080b00000, 0x0000000080c00000, 0x0000000080c00000|100%| O|  |TAMS 0x0000000080b00000, 0x0000000080b00000| Untracked 
|  12|0x0000000080c00000, 0x0000000080d00000, 0x0000000080d00000|100%| O|  |TAMS 0x0000000080c00000, 0x0000000080c00000| Untracked 
|  13|0x0000000080d00000, 0x0000000080d61200, 0x0000000080e00000| 37%| O|  |TAMS 0x0000000080d00000, 0x0000000080d00000| Untracked 
|  14|0x0000000080e00000, 0x0000000080f00000, 0x0000000080f00000|100%|HS|  |TAMS 0x0000000080e00000, 0x0000000080e00000| Complete 
|  15|0x0000000080f00000, 0x0000000080f00000, 0x0000000081000000|  0%| F|  |TAMS 0x0000000080f00000, 0x0000000080f00000| Untracked 
|  16|0x0000000081000000, 0x0000000081000000, 0x0000000081100000|  0%| F|  |TAMS 0x0000000081000000, 0x0000000081000000| Untracked 
|  17|0x0000000081100000, 0x0000000081100000, 0x0000000081200000|  0%| F|  |TAMS 0x0000000081100000, 0x0000000081100000| Untracked 
|  18|0x0000000081200000, 0x0000000081200000, 0x0000000081300000|  0%| F|  |TAMS 0x0000000081200000, 0x0000000081200000| Untracked 
|  19|0x0000000081300000, 0x0000000081300000, 0x0000000081400000|  0%| F|  |TAMS 0x0000000081300000, 0x0000000081300000| Untracked 
|  20|0x0000000081400000, 0x0000000081400000, 0x0000000081500000|  0%| F|  |TAMS 0x0000000081400000, 0x0000000081400000| Untracked 
|  21|0x0000000081500000, 0x0000000081500000, 0x0000000081600000|  0%| F|  |TAMS 0x0000000081500000, 0x0000000081500000| Untracked 
|  22|0x0000000081600000, 0x0000000081600000, 0x0000000081700000|  0%| F|  |TAMS 0x0000000081600000, 0x0000000081600000| Untracked 
|  23|0x0000000081700000, 0x0000000081700000, 0x0000000081800000|  0%| F|  |TAMS 0x0000000081700000, 0x0000000081700000| Untracked 
|  24|0x0000000081800000, 0x0000000081800000, 0x0000000081900000|  0%| F|  |TAMS 0x0000000081800000, 0x0000000081800000| Untracked 
|  25|0x0000000081900000, 0x0000000081900000, 0x0000000081a00000|  0%| F|  |TAMS 0x0000000081900000, 0x0000000081900000| Untracked 
|  26|0x0000000081a00000, 0x0000000081a00000, 0x0000000081b00000|  0%| F|  |TAMS 0x0000000081a00000, 0x0000000081a00000| Untracked 
|  27|0x0000000081b00000, 0x0000000081b00000, 0x0000000081c00000|  0%| F|  |TAMS 0x0000000081b00000, 0x0000000081b00000| Untracked 
|  28|0x0000000081c00000, 0x0000000081c00000, 0x0000000081d00000|  0%| F|  |TAMS 0x0000000081c00000, 0x0000000081c00000| Untracked 
|  29|0x0000000081d00000, 0x0000000081d00000, 0x0000000081e00000|  0%| F|  |TAMS 0x0000000081d00000, 0x0000000081d00000| Untracked 
|  30|0x0000000081e00000, 0x0000000081e00000, 0x0000000081f00000|  0%| F|  |TAMS 0x0000000081e00000, 0x0000000081e00000| Untracked 
|  31|0x0000000081f00000, 0x0000000081f00000, 0x0000000082000000|  0%| F|  |TAMS 0x0000000081f00000, 0x0000000081f00000| Untracked 
|  32|0x0000000082000000, 0x0000000082000000, 0x0000000082100000|  0%| F|  |TAMS 0x0000000082000000, 0x0000000082000000| Untracked 
|  33|0x0000000082100000, 0x0000000082100000, 0x0000000082200000|  0%| F|  |TAMS 0x0000000082100000, 0x0000000082100000| Untracked 
|  34|0x0000000082200000, 0x0000000082200000, 0x0000000082300000|  0%| F|  |TAMS 0x0000000082200000, 0x0000000082200000| Untracked 
|  35|0x0000000082300000, 0x0000000082300000, 0x0000000082400000|  0%| F|  |TAMS 0x0000000082300000, 0x0000000082300000| Untracked 
|  36|0x0000000082400000, 0x0000000082400000, 0x0000000082500000|  0%| F|  |TAMS 0x0000000082400000, 0x0000000082400000| Untracked 
|  37|0x0000000082500000, 0x0000000082500000, 0x0000000082600000|  0%| F|  |TAMS 0x0000000082500000, 0x0000000082500000| Untracked 
|  38|0x0000000082600000, 0x0000000082600000, 0x0000000082700000|  0%| F|  |TAMS 0x0000000082600000, 0x0000000082600000| Untracked 
|  39|0x0000000082700000, 0x0000000082700000, 0x0000000082800000|  0%| F|  |TAMS 0x0000000082700000, 0x0000000082700000| Untracked 
|  40|0x0000000082800000, 0x0000000082800000, 0x0000000082900000|  0%| F|  |TAMS 0x0000000082800000, 0x0000000082800000| Untracked 
|  41|0x0000000082900000, 0x0000000082900000, 0x0000000082a00000|  0%| F|  |TAMS 0x0000000082900000, 0x0000000082900000| Untracked 
|  42|0x0000000082a00000, 0x0000000082a00000, 0x0000000082b00000|  0%| F|  |TAMS 0x0000000082a00000, 0x0000000082a00000| Untracked 
|  43|0x0000000082b00000, 0x0000000082b00000, 0x0000000082c00000|  0%| F|  |TAMS 0x0000000082b00000, 0x0000000082b00000| Untracked 
|  44|0x0000000082c00000, 0x0000000082c00000, 0x0000000082d00000|  0%| F|  |TAMS 0x0000000082c00000, 0x0000000082c00000| Untracked 
|  45|0x0000000082d00000, 0x0000000082d00000, 0x0000000082e00000|  0%| F|  |TAMS 0x0000000082d00000, 0x0000000082d00000| Untracked 
|  46|0x0000000082e00000, 0x0000000082e00000, 0x0000000082f00000|  0%| F|  |TAMS 0x0000000082e00000, 0x0000000082e00000| Untracked 
|  47|0x0000000082f00000, 0x0000000082f00000, 0x0000000083000000|  0%| F|  |TAMS 0x0000000082f00000, 0x0000000082f00000| Untracked 
|  48|0x0000000083000000, 0x0000000083000000, 0x0000000083100000|  0%| F|  |TAMS 0x0000000083000000, 0x0000000083000000| Untracked 
|  49|0x0000000083100000, 0x0000000083100000, 0x0000000083200000|  0%| F|  |TAMS 0x0000000083100000, 0x0000000083100000| Untracked 
|  50|0x0000000083200000, 0x0000000083200000, 0x0000000083300000|  0%| F|  |TAMS 0x0000000083200000, 0x0000000083200000| Untracked 
|  51|0x0000000083300000, 0x0000000083300000, 0x0000000083400000|  0%| F|  |TAMS 0x0000000083300000, 0x0000000083300000| Untracked 
|  52|0x0000000083400000, 0x0000000083400000, 0x0000000083500000|  0%| F|  |TAMS 0x0000000083400000, 0x0000000083400000| Untracked 
|  53|0x0000000083500000, 0x0000000083500000, 0x0000000083600000|  0%| F|  |TAMS 0x0000000083500000, 0x0000000083500000| Untracked 
|  54|0x0000000083600000, 0x0000000083600000, 0x0000000083700000|  0%| F|  |TAMS 0x0000000083600000, 0x0000000083600000| Untracked 
|  55|0x0000000083700000, 0x0000000083700000, 0x0000000083800000|  0%| F|  |TAMS 0x0000000083700000, 0x0000000083700000| Untracked 
|  56|0x0000000083800000, 0x0000000083800000, 0x0000000083900000|  0%| F|  |TAMS 0x0000000083800000, 0x0000000083800000| Untracked 
|  57|0x0000000083900000, 0x0000000083900000, 0x0000000083a00000|  0%| F|  |TAMS 0x0000000083900000, 0x0000000083900000| Untracked 
|  58|0x0000000083a00000, 0x0000000083a00000, 0x0000000083b00000|  0%| F|  |TAMS 0x0000000083a00000, 0x0000000083a00000| Untracked 
|  59|0x0000000083b00000, 0x0000000083b00000, 0x0000000083c00000|  0%| F|  |TAMS 0x0000000083b00000, 0x0000000083b00000| Untracked 
|  60|0x0000000083c00000, 0x0000000083c00000, 0x0000000083d00000|  0%| F|  |TAMS 0x0000000083c00000, 0x0000000083c00000| Untracked 
|  61|0x0000000083d00000, 0x0000000083d00000, 0x0000000083e00000|  0%| F|  |TAMS 0x0000000083d00000, 0x0000000083d00000| Untracked 
|  62|0x0000000083e00000, 0x0000000083e00000, 0x0000000083f00000|  0%| F|  |TAMS 0x0000000083e00000, 0x0000000083e00000| Untracked 
|  63|0x0000000083f00000, 0x0000000083f00000, 0x0000000084000000|  0%| F|  |TAMS 0x0000000083f00000, 0x0000000083f00000| Untracked 
|  64|0x0000000084000000, 0x0000000084000000, 0x0000000084100000|  0%| F|  |TAMS 0x0000000084000000, 0x0000000084000000| Untracked 
|  65|0x0000000084100000, 0x0000000084100000, 0x0000000084200000|  0%| F|  |TAMS 0x0000000084100000, 0x0000000084100000| Untracked 
|  66|0x0000000084200000, 0x0000000084200000, 0x0000000084300000|  0%| F|  |TAMS 0x0000000084200000, 0x0000000084200000| Untracked 
|  67|0x0000000084300000, 0x0000000084300000, 0x0000000084400000|  0%| F|  |TAMS 0x0000000084300000, 0x0000000084300000| Untracked 
|  68|0x0000000084400000, 0x0000000084400000, 0x0000000084500000|  0%| F|  |TAMS 0x0000000084400000, 0x0000000084400000| Untracked 
|  69|0x0000000084500000, 0x0000000084500000, 0x0000000084600000|  0%| F|  |TAMS 0x0000000084500000, 0x0000000084500000| Untracked 
|  70|0x0000000084600000, 0x0000000084600000, 0x0000000084700000|  0%| F|  |TAMS 0x0000000084600000, 0x0000000084600000| Untracked 
|  71|0x0000000084700000, 0x0000000084700000, 0x0000000084800000|  0%| F|  |TAMS 0x0000000084700000, 0x0000000084700000| Untracked 
|  72|0x0000000084800000, 0x0000000084800000, 0x0000000084900000|  0%| F|  |TAMS 0x0000000084800000, 0x0000000084800000| Untracked 
|  73|0x0000000084900000, 0x0000000084900000, 0x0000000084a00000|  0%| F|  |TAMS 0x0000000084900000, 0x0000000084900000| Untracked 
|  74|0x0000000084a00000, 0x0000000084a00000, 0x0000000084b00000|  0%| F|  |TAMS 0x0000000084a00000, 0x0000000084a00000| Untracked 
|  75|0x0000000084b00000, 0x0000000084b00000, 0x0000000084c00000|  0%| F|  |TAMS 0x0000000084b00000, 0x0000000084b00000| Untracked 
|  76|0x0000000084c00000, 0x0000000084c00000, 0x0000000084d00000|  0%| F|  |TAMS 0x0000000084c00000, 0x0000000084c00000| Untracked 
|  77|0x0000000084d00000, 0x0000000084d00000, 0x0000000084e00000|  0%| F|  |TAMS 0x0000000084d00000, 0x0000000084d00000| Untracked 
|  78|0x0000000084e00000, 0x0000000084e00000, 0x0000000084f00000|  0%| F|  |TAMS 0x0000000084e00000, 0x0000000084e00000| Untracked 
|  79|0x0000000084f00000, 0x0000000084f00000, 0x0000000085000000|  0%| F|  |TAMS 0x0000000084f00000, 0x0000000084f00000| Untracked 
|  80|0x0000000085000000, 0x0000000085000000, 0x0000000085100000|  0%| F|  |TAMS 0x0000000085000000, 0x0000000085000000| Untracked 
|  81|0x0000000085100000, 0x0000000085100000, 0x0000000085200000|  0%| F|  |TAMS 0x0000000085100000, 0x0000000085100000| Untracked 
|  82|0x0000000085200000, 0x0000000085200000, 0x0000000085300000|  0%| F|  |TAMS 0x0000000085200000, 0x0000000085200000| Untracked 
|  83|0x0000000085300000, 0x0000000085300000, 0x0000000085400000|  0%| F|  |TAMS 0x0000000085300000, 0x0000000085300000| Untracked 
|  84|0x0000000085400000, 0x0000000085400000, 0x0000000085500000|  0%| F|  |TAMS 0x0000000085400000, 0x0000000085400000| Untracked 
|  85|0x0000000085500000, 0x0000000085500000, 0x0000000085600000|  0%| F|  |TAMS 0x0000000085500000, 0x0000000085500000| Untracked 
|  86|0x0000000085600000, 0x0000000085600000, 0x0000000085700000|  0%| F|  |TAMS 0x0000000085600000, 0x0000000085600000| Untracked 
|  87|0x0000000085700000, 0x0000000085700000, 0x0000000085800000|  0%| F|  |TAMS 0x0000000085700000, 0x0000000085700000| Untracked 
|  88|0x0000000085800000, 0x0000000085800000, 0x0000000085900000|  0%| F|  |TAMS 0x0000000085800000, 0x0000000085800000| Untracked 
|  89|0x0000000085900000, 0x0000000085900000, 0x0000000085a00000|  0%| F|  |TAMS 0x0000000085900000, 0x0000000085900000| Untracked 
|  90|0x0000000085a00000, 0x0000000085a00000, 0x0000000085b00000|  0%| F|  |TAMS 0x0000000085a00000, 0x0000000085a00000| Untracked 
|  91|0x0000000085b00000, 0x0000000085b00000, 0x0000000085c00000|  0%| F|  |TAMS 0x0000000085b00000, 0x0000000085b00000| Untracked 
|  92|0x0000000085c00000, 0x0000000085c00000, 0x0000000085d00000|  0%| F|  |TAMS 0x0000000085c00000, 0x0000000085c00000| Untracked 
|  93|0x0000000085d00000, 0x0000000085d00000, 0x0000000085e00000|  0%| F|  |TAMS 0x0000000085d00000, 0x0000000085d00000| Untracked 
|  94|0x0000000085e00000, 0x0000000085e00000, 0x0000000085f00000|  0%| F|  |TAMS 0x0000000085e00000, 0x0000000085e00000| Untracked 
|  95|0x0000000085f00000, 0x0000000085f00000, 0x0000000086000000|  0%| F|  |TAMS 0x0000000085f00000, 0x0000000085f00000| Untracked 
|  96|0x0000000086000000, 0x0000000086000000, 0x0000000086100000|  0%| F|  |TAMS 0x0000000086000000, 0x0000000086000000| Untracked 
|  97|0x0000000086100000, 0x0000000086100000, 0x0000000086200000|  0%| F|  |TAMS 0x0000000086100000, 0x0000000086100000| Untracked 
|  98|0x0000000086200000, 0x0000000086200000, 0x0000000086300000|  0%| F|  |TAMS 0x0000000086200000, 0x0000000086200000| Untracked 
|  99|0x0000000086300000, 0x0000000086300000, 0x0000000086400000|  0%| F|  |TAMS 0x0000000086300000, 0x0000000086300000| Untracked 
| 100|0x0000000086400000, 0x0000000086400000, 0x0000000086500000|  0%| F|  |TAMS 0x0000000086400000, 0x0000000086400000| Untracked 
| 101|0x0000000086500000, 0x0000000086500000, 0x0000000086600000|  0%| F|  |TAMS 0x0000000086500000, 0x0000000086500000| Untracked 
| 102|0x0000000086600000, 0x0000000086600000, 0x0000000086700000|  0%| F|  |TAMS 0x0000000086600000, 0x0000000086600000| Untracked 
| 103|0x0000000086700000, 0x0000000086700000, 0x0000000086800000|  0%| F|  |TAMS 0x0000000086700000, 0x0000000086700000| Untracked 
| 104|0x0000000086800000, 0x0000000086800000, 0x0000000086900000|  0%| F|  |TAMS 0x0000000086800000, 0x0000000086800000| Untracked 
| 105|0x0000000086900000, 0x0000000086900000, 0x0000000086a00000|  0%| F|  |TAMS 0x0000000086900000, 0x0000000086900000| Untracked 
| 106|0x0000000086a00000, 0x0000000086a00000, 0x0000000086b00000|  0%| F|  |TAMS 0x0000000086a00000, 0x0000000086a00000| Untracked 
| 107|0x0000000086b00000, 0x0000000086b00000, 0x0000000086c00000|  0%| F|  |TAMS 0x0000000086b00000, 0x0000000086b00000| Untracked 
| 108|0x0000000086c00000, 0x0000000086c00000, 0x0000000086d00000|  0%| F|  |TAMS 0x0000000086c00000, 0x0000000086c00000| Untracked 
| 109|0x0000000086d00000, 0x0000000086d00000, 0x0000000086e00000|  0%| F|  |TAMS 0x0000000086d00000, 0x0000000086d00000| Untracked 
| 110|0x0000000086e00000, 0x0000000086e00000, 0x0000000086f00000|  0%| F|  |TAMS 0x0000000086e00000, 0x0000000086e00000| Untracked 
| 111|0x0000000086f00000, 0x0000000086f00000, 0x0000000087000000|  0%| F|  |TAMS 0x0000000086f00000, 0x0000000086f00000| Untracked 
| 112|0x0000000087000000, 0x0000000087000000, 0x0000000087100000|  0%| F|  |TAMS 0x0000000087000000, 0x0000000087000000| Untracked 
| 113|0x0000000087100000, 0x0000000087100000, 0x0000000087200000|  0%| F|  |TAMS 0x0000000087100000, 0x0000000087100000| Untracked 
| 114|0x0000000087200000, 0x0000000087200000, 0x0000000087300000|  0%| F|  |TAMS 0x0000000087200000, 0x0000000087200000| Untracked 
| 115|0x0000000087300000, 0x0000000087300000, 0x0000000087400000|  0%| F|  |TAMS 0x0000000087300000, 0x0000000087300000| Untracked 
| 116|0x0000000087400000, 0x0000000087400000, 0x0000000087500000|  0%| F|  |TAMS 0x0000000087400000, 0x0000000087400000| Untracked 
| 117|0x0000000087500000, 0x0000000087500000, 0x0000000087600000|  0%| F|  |TAMS 0x0000000087500000, 0x0000000087500000| Untracked 
| 118|0x0000000087600000, 0x0000000087600000, 0x0000000087700000|  0%| F|  |TAMS 0x0000000087600000, 0x0000000087600000| Untracked 
| 119|0x0000000087700000, 0x0000000087700000, 0x0000000087800000|  0%| F|  |TAMS 0x0000000087700000, 0x0000000087700000| Untracked 
| 120|0x0000000087800000, 0x0000000087800000, 0x0000000087900000|  0%| F|  |TAMS 0x0000000087800000, 0x0000000087800000| Untracked 
| 121|0x0000000087900000, 0x0000000087900000, 0x0000000087a00000|  0%| F|  |TAMS 0x0000000087900000, 0x0000000087900000| Untracked 
| 122|0x0000000087a00000, 0x0000000087a00000, 0x0000000087b00000|  0%| F|  |TAMS 0x0000000087a00000, 0x0000000087a00000| Untracked 
| 123|0x0000000087b00000, 0x0000000087b00000, 0x0000000087c00000|  0%| F|  |TAMS 0x0000000087b00000, 0x0000000087b00000| Untracked 
| 124|0x0000000087c00000, 0x0000000087c00000, 0x0000000087d00000|  0%| F|  |TAMS 0x0000000087c00000, 0x0000000087c00000| Untracked 
| 125|0x0000000087d00000, 0x0000000087d00000, 0x0000000087e00000|  0%| F|  |TAMS 0x0000000087d00000, 0x0000000087d00000| Untracked 
| 126|0x0000000087e00000, 0x0000000087e00000, 0x0000000087f00000|  0%| F|  |TAMS 0x0000000087e00000, 0x0000000087e00000| Untracked 
| 127|0x0000000087f00000, 0x0000000087f00000, 0x0000000088000000|  0%| F|  |TAMS 0x0000000087f00000, 0x0000000087f00000| Untracked 
| 128|0x0000000088000000, 0x0000000088000000, 0x0000000088100000|  0%| F|  |TAMS 0x0000000088000000, 0x0000000088000000| Untracked 
| 129|0x0000000088100000, 0x0000000088100000, 0x0000000088200000|  0%| F|  |TAMS 0x0000000088100000, 0x0000000088100000| Untracked 
| 130|0x0000000088200000, 0x0000000088200000, 0x0000000088300000|  0%| F|  |TAMS 0x0000000088200000, 0x0000000088200000| Untracked 
| 131|0x0000000088300000, 0x0000000088300000, 0x0000000088400000|  0%| F|  |TAMS 0x0000000088300000, 0x0000000088300000| Untracked 
| 132|0x0000000088400000, 0x0000000088400000, 0x0000000088500000|  0%| F|  |TAMS 0x0000000088400000, 0x0000000088400000| Untracked 
| 133|0x0000000088500000, 0x0000000088500000, 0x0000000088600000|  0%| F|  |TAMS 0x0000000088500000, 0x0000000088500000| Untracked 
| 134|0x0000000088600000, 0x0000000088600000, 0x0000000088700000|  0%| F|  |TAMS 0x0000000088600000, 0x0000000088600000| Untracked 
| 135|0x0000000088700000, 0x0000000088700000, 0x0000000088800000|  0%| F|  |TAMS 0x0000000088700000, 0x0000000088700000| Untracked 
| 136|0x0000000088800000, 0x0000000088800000, 0x0000000088900000|  0%| F|  |TAMS 0x0000000088800000, 0x0000000088800000| Untracked 
| 137|0x0000000088900000, 0x0000000088900000, 0x0000000088a00000|  0%| F|  |TAMS 0x0000000088900000, 0x0000000088900000| Untracked 
| 138|0x0000000088a00000, 0x0000000088a00000, 0x0000000088b00000|  0%| F|  |TAMS 0x0000000088a00000, 0x0000000088a00000| Untracked 
| 139|0x0000000088b00000, 0x0000000088b00000, 0x0000000088c00000|  0%| F|  |TAMS 0x0000000088b00000, 0x0000000088b00000| Untracked 
| 140|0x0000000088c00000, 0x0000000088c00000, 0x0000000088d00000|  0%| F|  |TAMS 0x0000000088c00000, 0x0000000088c00000| Untracked 
| 141|0x0000000088d00000, 0x0000000088e00000, 0x0000000088e00000|100%| E|  |TAMS 0x0000000088d00000, 0x0000000088d00000| Complete 
| 142|0x0000000088e00000, 0x0000000088f00000, 0x0000000088f00000|100%| E|CS|TAMS 0x0000000088e00000, 0x0000000088e00000| Complete 
| 143|0x0000000088f00000, 0x0000000089000000, 0x0000000089000000|100%| E|CS|TAMS 0x0000000088f00000, 0x0000000088f00000| Complete 
| 144|0x0000000089000000, 0x0000000089100000, 0x0000000089100000|100%| E|CS|TAMS 0x0000000089000000, 0x0000000089000000| Complete 
| 145|0x0000000089100000, 0x0000000089200000, 0x0000000089200000|100%| E|CS|TAMS 0x0000000089100000, 0x0000000089100000| Complete 
| 146|0x0000000089200000, 0x0000000089300000, 0x0000000089300000|100%| E|CS|TAMS 0x0000000089200000, 0x0000000089200000| Complete 
| 147|0x0000000089300000, 0x0000000089400000, 0x0000000089400000|100%| E|  |TAMS 0x0000000089300000, 0x0000000089300000| Complete 
| 148|0x0000000089400000, 0x0000000089500000, 0x0000000089500000|100%| E|CS|TAMS 0x0000000089400000, 0x0000000089400000| Complete 
| 149|0x0000000089500000, 0x0000000089600000, 0x0000000089600000|100%| E|CS|TAMS 0x0000000089500000, 0x0000000089500000| Complete 
| 150|0x0000000089600000, 0x0000000089700000, 0x0000000089700000|100%| E|CS|TAMS 0x0000000089600000, 0x0000000089600000| Complete 
| 151|0x0000000089700000, 0x0000000089800000, 0x0000000089800000|100%| E|CS|TAMS 0x0000000089700000, 0x0000000089700000| Complete 
| 152|0x0000000089800000, 0x0000000089900000, 0x0000000089900000|100%| E|CS|TAMS 0x0000000089800000, 0x0000000089800000| Complete 
| 153|0x0000000089900000, 0x0000000089a00000, 0x0000000089a00000|100%| E|CS|TAMS 0x0000000089900000, 0x0000000089900000| Complete 
| 154|0x0000000089a00000, 0x0000000089b00000, 0x0000000089b00000|100%| E|CS|TAMS 0x0000000089a00000, 0x0000000089a00000| Complete 
| 155|0x0000000089b00000, 0x0000000089c00000, 0x0000000089c00000|100%| E|CS|TAMS 0x0000000089b00000, 0x0000000089b00000| Complete 
| 156|0x0000000089c00000, 0x0000000089d00000, 0x0000000089d00000|100%| E|CS|TAMS 0x0000000089c00000, 0x0000000089c00000| Complete 
| 157|0x0000000089d00000, 0x0000000089e00000, 0x0000000089e00000|100%| E|CS|TAMS 0x0000000089d00000, 0x0000000089d00000| Complete 
| 158|0x0000000089e00000, 0x0000000089f00000, 0x0000000089f00000|100%| E|CS|TAMS 0x0000000089e00000, 0x0000000089e00000| Complete 
| 159|0x0000000089f00000, 0x000000008a000000, 0x000000008a000000|100%| E|CS|TAMS 0x0000000089f00000, 0x0000000089f00000| Complete 
| 160|0x000000008a000000, 0x000000008a100000, 0x000000008a100000|100%| E|CS|TAMS 0x000000008a000000, 0x000000008a000000| Complete 
| 161|0x000000008a100000, 0x000000008a200000, 0x000000008a200000|100%| E|CS|TAMS 0x000000008a100000, 0x000000008a100000| Complete 
| 162|0x000000008a200000, 0x000000008a300000, 0x000000008a300000|100%| E|CS|TAMS 0x000000008a200000, 0x000000008a200000| Complete 
| 163|0x000000008a300000, 0x000000008a400000, 0x000000008a400000|100%| E|CS|TAMS 0x000000008a300000, 0x000000008a300000| Complete 
| 164|0x000000008a400000, 0x000000008a500000, 0x000000008a500000|100%| E|CS|TAMS 0x000000008a400000, 0x000000008a400000| Complete 
| 165|0x000000008a500000, 0x000000008a600000, 0x000000008a600000|100%| E|CS|TAMS 0x000000008a500000, 0x000000008a500000| Complete 
| 166|0x000000008a600000, 0x000000008a700000, 0x000000008a700000|100%| E|CS|TAMS 0x000000008a600000, 0x000000008a600000| Complete 
| 167|0x000000008a700000, 0x000000008a800000, 0x000000008a800000|100%| E|CS|TAMS 0x000000008a700000, 0x000000008a700000| Complete 
| 168|0x000000008a800000, 0x000000008a900000, 0x000000008a900000|100%| E|CS|TAMS 0x000000008a800000, 0x000000008a800000| Complete 
| 169|0x000000008a900000, 0x000000008aa00000, 0x000000008aa00000|100%| E|CS|TAMS 0x000000008a900000, 0x000000008a900000| Complete 
| 170|0x000000008aa00000, 0x000000008ab00000, 0x000000008ab00000|100%| E|CS|TAMS 0x000000008aa00000, 0x000000008aa00000| Complete 
| 171|0x000000008ab00000, 0x000000008ab25a70, 0x000000008ac00000| 14%| S|CS|TAMS 0x000000008ab00000, 0x000000008ab00000| Complete 
| 172|0x000000008ac00000, 0x000000008ad00000, 0x000000008ad00000|100%| S|CS|TAMS 0x000000008ac00000, 0x000000008ac00000| Complete 
| 173|0x000000008ad00000, 0x000000008ae00000, 0x000000008ae00000|100%| S|CS|TAMS 0x000000008ad00000, 0x000000008ad00000| Complete 
| 174|0x000000008ae00000, 0x000000008af00000, 0x000000008af00000|100%| S|CS|TAMS 0x000000008ae00000, 0x000000008ae00000| Complete 
| 175|0x000000008af00000, 0x000000008b000000, 0x000000008b000000|100%| S|CS|TAMS 0x000000008af00000, 0x000000008af00000| Complete 
| 176|0x000000008b000000, 0x000000008b100000, 0x000000008b100000|100%| E|CS|TAMS 0x000000008b000000, 0x000000008b000000| Complete 
| 177|0x000000008b100000, 0x000000008b200000, 0x000000008b200000|100%| E|CS|TAMS 0x000000008b100000, 0x000000008b100000| Complete 
| 178|0x000000008b200000, 0x000000008b300000, 0x000000008b300000|100%| E|CS|TAMS 0x000000008b200000, 0x000000008b200000| Complete 
| 179|0x000000008b300000, 0x000000008b400000, 0x000000008b400000|100%| E|CS|TAMS 0x000000008b300000, 0x000000008b300000| Complete 
| 180|0x000000008b400000, 0x000000008b500000, 0x000000008b500000|100%| E|CS|TAMS 0x000000008b400000, 0x000000008b400000| Complete 
| 181|0x000000008b500000, 0x000000008b600000, 0x000000008b600000|100%| E|CS|TAMS 0x000000008b500000, 0x000000008b500000| Complete 
| 182|0x000000008b600000, 0x000000008b700000, 0x000000008b700000|100%| E|CS|TAMS 0x000000008b600000, 0x000000008b600000| Complete 
| 183|0x000000008b700000, 0x000000008b800000, 0x000000008b800000|100%| E|CS|TAMS 0x000000008b700000, 0x000000008b700000| Complete 
| 184|0x000000008b800000, 0x000000008b900000, 0x000000008b900000|100%| E|CS|TAMS 0x000000008b800000, 0x000000008b800000| Complete 
| 185|0x000000008b900000, 0x000000008ba00000, 0x000000008ba00000|100%| E|CS|TAMS 0x000000008b900000, 0x000000008b900000| Complete 
| 186|0x000000008ba00000, 0x000000008bb00000, 0x000000008bb00000|100%| E|CS|TAMS 0x000000008ba00000, 0x000000008ba00000| Complete 
| 187|0x000000008bb00000, 0x000000008bc00000, 0x000000008bc00000|100%| E|CS|TAMS 0x000000008bb00000, 0x000000008bb00000| Complete 
| 188|0x000000008bc00000, 0x000000008bd00000, 0x000000008bd00000|100%| E|CS|TAMS 0x000000008bc00000, 0x000000008bc00000| Complete 
| 189|0x000000008bd00000, 0x000000008be00000, 0x000000008be00000|100%| E|CS|TAMS 0x000000008bd00000, 0x000000008bd00000| Complete 
| 190|0x000000008be00000, 0x000000008bf00000, 0x000000008bf00000|100%| E|CS|TAMS 0x000000008be00000, 0x000000008be00000| Complete 
| 191|0x000000008bf00000, 0x000000008c000000, 0x000000008c000000|100%| E|CS|TAMS 0x000000008bf00000, 0x000000008bf00000| Complete 
| 192|0x000000008c000000, 0x000000008c100000, 0x000000008c100000|100%| E|CS|TAMS 0x000000008c000000, 0x000000008c000000| Complete 
| 193|0x000000008c100000, 0x000000008c200000, 0x000000008c200000|100%| E|CS|TAMS 0x000000008c100000, 0x000000008c100000| Complete 
| 194|0x000000008c200000, 0x000000008c300000, 0x000000008c300000|100%| E|CS|TAMS 0x000000008c200000, 0x000000008c200000| Complete 
| 195|0x000000008c300000, 0x000000008c400000, 0x000000008c400000|100%| E|CS|TAMS 0x000000008c300000, 0x000000008c300000| Complete 
| 196|0x000000008c400000, 0x000000008c500000, 0x000000008c500000|100%| E|CS|TAMS 0x000000008c400000, 0x000000008c400000| Complete 
| 197|0x000000008c500000, 0x000000008c600000, 0x000000008c600000|100%| E|CS|TAMS 0x000000008c500000, 0x000000008c500000| Complete 
| 198|0x000000008c600000, 0x000000008c700000, 0x000000008c700000|100%| E|CS|TAMS 0x000000008c600000, 0x000000008c600000| Complete 
| 199|0x000000008c700000, 0x000000008c800000, 0x000000008c800000|100%| E|CS|TAMS 0x000000008c700000, 0x000000008c700000| Complete 
| 200|0x000000008c800000, 0x000000008c900000, 0x000000008c900000|100%| E|CS|TAMS 0x000000008c800000, 0x000000008c800000| Complete 
| 201|0x000000008c900000, 0x000000008ca00000, 0x000000008ca00000|100%| E|CS|TAMS 0x000000008c900000, 0x000000008c900000| Complete 
| 202|0x000000008ca00000, 0x000000008cb00000, 0x000000008cb00000|100%| E|CS|TAMS 0x000000008ca00000, 0x000000008ca00000| Complete 
| 203|0x000000008cb00000, 0x000000008cc00000, 0x000000008cc00000|100%| E|CS|TAMS 0x000000008cb00000, 0x000000008cb00000| Complete 
| 204|0x000000008cc00000, 0x000000008cd00000, 0x000000008cd00000|100%| E|CS|TAMS 0x000000008cc00000, 0x000000008cc00000| Complete 
| 205|0x000000008cd00000, 0x000000008ce00000, 0x000000008ce00000|100%| E|CS|TAMS 0x000000008cd00000, 0x000000008cd00000| Complete 
| 206|0x000000008ce00000, 0x000000008cf00000, 0x000000008cf00000|100%| E|CS|TAMS 0x000000008ce00000, 0x000000008ce00000| Complete 
| 207|0x000000008cf00000, 0x000000008d000000, 0x000000008d000000|100%| E|CS|TAMS 0x000000008cf00000, 0x000000008cf00000| Complete 
| 208|0x000000008d000000, 0x000000008d100000, 0x000000008d100000|100%| E|CS|TAMS 0x000000008d000000, 0x000000008d000000| Complete 
| 209|0x000000008d100000, 0x000000008d200000, 0x000000008d200000|100%| E|CS|TAMS 0x000000008d100000, 0x000000008d100000| Complete 
| 210|0x000000008d200000, 0x000000008d300000, 0x000000008d300000|100%| E|CS|TAMS 0x000000008d200000, 0x000000008d200000| Complete 
| 211|0x000000008d300000, 0x000000008d400000, 0x000000008d400000|100%| E|CS|TAMS 0x000000008d300000, 0x000000008d300000| Complete 
| 212|0x000000008d400000, 0x000000008d500000, 0x000000008d500000|100%| E|CS|TAMS 0x000000008d400000, 0x000000008d400000| Complete 
| 213|0x000000008d500000, 0x000000008d600000, 0x000000008d600000|100%| E|CS|TAMS 0x000000008d500000, 0x000000008d500000| Complete 
| 214|0x000000008d600000, 0x000000008d700000, 0x000000008d700000|100%| E|CS|TAMS 0x000000008d600000, 0x000000008d600000| Complete 
| 215|0x000000008d700000, 0x000000008d800000, 0x000000008d800000|100%| E|CS|TAMS 0x000000008d700000, 0x000000008d700000| Complete 
| 216|0x000000008d800000, 0x000000008d900000, 0x000000008d900000|100%| E|CS|TAMS 0x000000008d800000, 0x000000008d800000| Complete 
| 217|0x000000008d900000, 0x000000008da00000, 0x000000008da00000|100%| E|CS|TAMS 0x000000008d900000, 0x000000008d900000| Complete 
| 218|0x000000008da00000, 0x000000008db00000, 0x000000008db00000|100%| E|CS|TAMS 0x000000008da00000, 0x000000008da00000| Complete 
| 219|0x000000008db00000, 0x000000008dc00000, 0x000000008dc00000|100%| E|CS|TAMS 0x000000008db00000, 0x000000008db00000| Complete 
| 220|0x000000008dc00000, 0x000000008dd00000, 0x000000008dd00000|100%| E|CS|TAMS 0x000000008dc00000, 0x000000008dc00000| Complete 
| 221|0x000000008dd00000, 0x000000008de00000, 0x000000008de00000|100%| E|CS|TAMS 0x000000008dd00000, 0x000000008dd00000| Complete 
| 222|0x000000008de00000, 0x000000008df00000, 0x000000008df00000|100%| E|CS|TAMS 0x000000008de00000, 0x000000008de00000| Complete 
| 223|0x000000008df00000, 0x000000008e000000, 0x000000008e000000|100%| E|CS|TAMS 0x000000008df00000, 0x000000008df00000| Complete 

Card table byte_map: [0x000002c07dd30000,0x000002c07e130000] _byte_map_base: 0x000002c07d930000

Marking Bits (Prev, Next): (CMBitMap*) 0x000002c075ada5e0, (CMBitMap*) 0x000002c075ada620
 Prev Bits: [0x000002c00f000000, 0x000002c011000000)
 Next Bits: [0x000002c011000000, 0x000002c013000000)

Polling page: 0x000002c0739c0000

Metaspace:

Usage:
  Non-class:     15.46 MB used.
      Class:      2.39 MB used.
       Both:     17.85 MB used.

Virtual space:
  Non-class space:       64.00 MB reserved,      15.62 MB ( 24%) committed,  1 nodes.
      Class space:        1.00 GB reserved,       2.56 MB ( <1%) committed,  1 nodes.
             Both:        1.06 GB reserved,      18.19 MB (  2%) committed. 

Chunk freelists:
   Non-Class:  365.00 KB
       Class:  13.47 MB
        Both:  13.83 MB

MaxMetaspaceSize: unlimited
CompressedClassSpaceSize: 1.00 GB
Initial GC threshold: 21.00 MB
Current GC threshold: 21.00 MB
CDS: on
MetaspaceReclaimPolicy: balanced
 - commit_granule_bytes: 65536.
 - commit_granule_words: 8192.
 - virtual_space_node_default_size: 8388608.
 - enlarge_chunks_in_place: 1.
 - new_chunks_are_fully_committed: 0.
 - uncommit_free_chunks: 1.
 - use_allocation_guard: 0.
 - handle_deallocations: 1.


Internal statistics:

num_allocs_failed_limit: 0.
num_arena_births: 190.
num_arena_deaths: 0.
num_vsnodes_births: 2.
num_vsnodes_deaths: 0.
num_space_committed: 291.
num_space_uncommitted: 0.
num_chunks_returned_to_freelist: 0.
num_chunks_taken_from_freelist: 794.
num_chunk_merges: 0.
num_chunk_splits: 536.
num_chunks_enlarged: 407.
num_inconsistent_stats: 0.

CodeHeap 'non-profiled nmethods': size=120000Kb used=1284Kb max_used=1284Kb free=118715Kb
 bounds [0x000002c007ad0000, 0x000002c007d40000, 0x000002c00f000000]
CodeHeap 'profiled nmethods': size=120000Kb used=4919Kb max_used=4919Kb free=115080Kb
 bounds [0x000002c000000000, 0x000002c0004d0000, 0x000002c007530000]
CodeHeap 'non-nmethods': size=5760Kb used=1239Kb max_used=1270Kb free=4520Kb
 bounds [0x000002c007530000, 0x000002c0077a0000, 0x000002c007ad0000]
 total_blobs=3019 nmethods=2470 adapters=461
 compilation: enabled
              stopped_count=0, restarted_count=0
 full_count=0

Compilation events (20 events):
Event: 9.294 Thread 0x000002c07efba1c0 2463       3       org.gradle.initialization.MixInLegacyTypesClassLoader::shouldTransform (42 bytes)
Event: 9.295 Thread 0x000002c07efba1c0 nmethod 2463 0x000002c0004c7910 code [0x000002c0004c7ae0, 0x000002c0004c7ef8]
Event: 9.331 Thread 0x000002c07efba1c0 2465       3       com.google.common.base.Preconditions::checkArgument (28 bytes)
Event: 9.332 Thread 0x000002c07efba1c0 nmethod 2465 0x000002c0004c8090 code [0x000002c0004c8280, 0x000002c0004c88b8]
Event: 9.332 Thread 0x000002c07efba1c0 2466       3       com.google.common.io.BaseEncoding$Alphabet::encode (7 bytes)
Event: 9.333 Thread 0x000002c07efba1c0 nmethod 2466 0x000002c0004c8b10 code [0x000002c0004c8ca0, 0x000002c0004c8dd8]
Event: 9.351 Thread 0x000002c07efba1c0 2468       3       org.gradle.internal.service.DefaultServiceRegistry::isAssignableFromAnyType (41 bytes)
Event: 9.352 Thread 0x000002c07efba1c0 nmethod 2468 0x000002c0004c8e90 code [0x000002c0004c9080, 0x000002c0004c9618]
Event: 9.353 Thread 0x000002c07efba1c0 2467       3       org.gradle.internal.service.DefaultServiceRegistry::access$1500 (6 bytes)
Event: 9.353 Thread 0x000002c07efba1c0 nmethod 2467 0x000002c0004c9810 code [0x000002c0004c99c0, 0x000002c0004c9ac8]
Event: 9.353 Thread 0x000002c07efba1c0 2469       3       org.gradle.internal.service.DefaultServiceRegistry$CollectingVisitor::visit (25 bytes)
Event: 9.353 Thread 0x000002c07efba1c0 nmethod 2469 0x000002c0004c9b90 code [0x000002c0004c9d40, 0x000002c0004ca038]
Event: 9.385 Thread 0x000002c07efba1c0 2470       3       java.util.stream.StreamOpFlag::fromCharacteristics (37 bytes)
Event: 9.385 Thread 0x000002c07efba1c0 nmethod 2470 0x000002c0004ca190 code [0x000002c0004ca360, 0x000002c0004ca698]
Event: 9.386 Thread 0x000002c07efba1c0 2471       3       java.util.stream.AbstractPipeline::<init> (55 bytes)
Event: 9.386 Thread 0x000002c07efba1c0 nmethod 2471 0x000002c0004ca790 code [0x000002c0004ca940, 0x000002c0004cac18]
Event: 9.386 Thread 0x000002c07efba1c0 2472       3       java.util.stream.StreamSupport::stream (19 bytes)
Event: 9.387 Thread 0x000002c07efba1c0 nmethod 2472 0x000002c0004cad10 code [0x000002c0004caf00, 0x000002c0004cb328]
Event: 9.417 Thread 0x000002c07efba1c0 2473       3       org.gradle.internal.service.DefaultServiceRegistry::validateImplementationForServiceTypes (85 bytes)
Event: 9.418 Thread 0x000002c07efba1c0 nmethod 2473 0x000002c0004cb510 code [0x000002c0004cb820, 0x000002c0004cca38]

GC Heap History (6 events):
Event: 1.161 GC heap before
{Heap before GC invocations=0 (full 0):
 garbage-first heap   total 229376K, used 23552K [0x0000000080000000, 0x0000000100000000)
  region size 1024K, 23 young (23552K), 0 survivors (0K)
 Metaspace       used 1225K, committed 1344K, reserved 1114112K
  class space    used 95K, committed 128K, reserved 1048576K
}
Event: 1.167 GC heap after
{Heap after GC invocations=1 (full 0):
 garbage-first heap   total 229376K, used 1945K [0x0000000080000000, 0x0000000100000000)
  region size 1024K, 2 young (2048K), 2 survivors (2048K)
 Metaspace       used 1225K, committed 1344K, reserved 1114112K
  class space    used 95K, committed 128K, reserved 1048576K
}
Event: 3.233 GC heap before
{Heap before GC invocations=1 (full 0):
 garbage-first heap   total 229376K, used 40857K [0x0000000080000000, 0x0000000100000000)
  region size 1024K, 37 young (37888K), 2 survivors (2048K)
 Metaspace       used 4657K, committed 4800K, reserved 1114112K
  class space    used 582K, committed 640K, reserved 1048576K
}
Event: 3.241 GC heap after
{Heap after GC invocations=2 (full 0):
 garbage-first heap   total 229376K, used 12017K [0x0000000080000000, 0x0000000100000000)
  region size 1024K, 5 young (5120K), 5 survivors (5120K)
 Metaspace       used 4657K, committed 4800K, reserved 1114112K
  class space    used 582K, committed 640K, reserved 1048576K
}
Event: 4.630 GC heap before
{Heap before GC invocations=2 (full 0):
 garbage-first heap   total 229376K, used 58097K [0x0000000080000000, 0x0000000100000000)
  region size 1024K, 48 young (49152K), 5 survivors (5120K)
 Metaspace       used 4743K, committed 4928K, reserved 1114112K
  class space    used 583K, committed 640K, reserved 1048576K
}
Event: 4.638 GC heap after
{Heap after GC invocations=3 (full 0):
 garbage-first heap   total 229376K, used 16923K [0x0000000080000000, 0x0000000100000000)
  region size 1024K, 5 young (5120K), 5 survivors (5120K)
 Metaspace       used 4743K, committed 4928K, reserved 1114112K
  class space    used 583K, committed 640K, reserved 1048576K
}

Dll operation events (15 events):
Event: 0.020 Loaded shared library C:\Users\Proprietário\.jdks\temurin-17.0.19\bin\java.dll
Event: 0.049 Loaded shared library C:\Users\Proprietário\.jdks\temurin-17.0.19\bin\jsvml.dll
Event: 0.177 Loaded shared library C:\Users\Proprietário\.jdks\temurin-17.0.19\bin\zip.dll
Event: 0.183 Loaded shared library C:\Users\Proprietário\.jdks\temurin-17.0.19\bin\instrument.dll
Event: 0.194 Loaded shared library C:\Users\Proprietário\.jdks\temurin-17.0.19\bin\net.dll
Event: 0.198 Loaded shared library C:\Users\Proprietário\.jdks\temurin-17.0.19\bin\nio.dll
Event: 0.204 Loaded shared library C:\Users\Proprietário\.jdks\temurin-17.0.19\bin\zip.dll
Event: 1.002 Loaded shared library C:\Users\Proprietário\.jdks\temurin-17.0.19\bin\jimage.dll
Event: 1.761 Loaded shared library C:\Users\Proprietário\.jdks\temurin-17.0.19\bin\verify.dll
Event: 1.896 Loaded shared library C:\gradle\native\660c5614fbf4a5f2a75b1949f50a0caf5cd603558e7d8a26e50b933a0cfb79d1\windows-amd64\native-platform.dll
Event: 1.946 Loaded shared library C:\gradle\native\0.2.8\x86_64-windows-gnu\gradle-fileevents.dll
Event: 5.287 Loaded shared library C:\Users\Proprietário\.jdks\temurin-17.0.19\bin\management.dll
Event: 5.295 Loaded shared library C:\Users\Proprietário\.jdks\temurin-17.0.19\bin\management_ext.dll
Event: 6.256 Loaded shared library C:\Users\Proprietário\.jdks\temurin-17.0.19\bin\extnet.dll
Event: 6.835 Loaded shared library C:\Users\Proprietário\.jdks\temurin-17.0.19\bin\sunmscapi.dll

Deoptimization events (20 events):
Event: 8.262 Thread 0x000002c07f6449b0 DEOPT PACKING pc=0x000002c007af26a0 sp=0x000000d467afb800
Event: 8.262 Thread 0x000002c07f6449b0 DEOPT UNPACKING pc=0x000002c0075869a3 sp=0x000000d467afb7c0 mode 2
Event: 8.361 Thread 0x000002c07f6449b0 Uncommon trap: trap_request=0xffffff45 fr.pc=0x000002c007b73314 relative=0x0000000000000954
Event: 8.361 Thread 0x000002c07f6449b0 Uncommon trap: reason=unstable_if action=reinterpret pc=0x000002c007b73314 method=java.util.regex.Matcher.reset()Ljava/util/regex/Matcher; @ 47 c2
Event: 8.361 Thread 0x000002c07f6449b0 DEOPT PACKING pc=0x000002c007b73314 sp=0x000000d467afa940
Event: 8.361 Thread 0x000002c07f6449b0 DEOPT UNPACKING pc=0x000002c0075869a3 sp=0x000000d467afa870 mode 2
Event: 8.361 Thread 0x000002c07f6449b0 Uncommon trap: trap_request=0xffffff45 fr.pc=0x000002c007af270c relative=0x000000000000042c
Event: 8.361 Thread 0x000002c07f6449b0 Uncommon trap: reason=unstable_if action=reinterpret pc=0x000002c007af270c method=java.util.regex.Matcher.match(II)Z @ 76 c2
Event: 8.361 Thread 0x000002c07f6449b0 DEOPT PACKING pc=0x000002c007af270c sp=0x000000d467afa920
Event: 8.361 Thread 0x000002c07f6449b0 DEOPT UNPACKING pc=0x000002c0075869a3 sp=0x000000d467afa8f0 mode 2
Event: 8.363 Thread 0x000002c07f6449b0 Uncommon trap: trap_request=0xffffff45 fr.pc=0x000002c007af1acc relative=0x00000000000001ac
Event: 8.363 Thread 0x000002c07f6449b0 Uncommon trap: reason=unstable_if action=reinterpret pc=0x000002c007af1acc method=java.util.regex.Matcher.reset()Ljava/util/regex/Matcher; @ 47 c2
Event: 8.363 Thread 0x000002c07f6449b0 DEOPT PACKING pc=0x000002c007af1acc sp=0x000000d467afa7e0
Event: 8.363 Thread 0x000002c07f6449b0 DEOPT UNPACKING pc=0x000002c0075869a3 sp=0x000000d467afa770 mode 2
Event: 8.376 Thread 0x000002c07f6449b0 DEOPT PACKING pc=0x000002c0000ddc57 sp=0x000000d467afa5a0
Event: 8.376 Thread 0x000002c07f6449b0 DEOPT UNPACKING pc=0x000002c007587143 sp=0x000000d467af9a38 mode 0
Event: 8.561 Thread 0x000002c07f6449b0 Uncommon trap: trap_request=0xffffff45 fr.pc=0x000002c007af062c relative=0x0000000000000a8c
Event: 8.561 Thread 0x000002c07f6449b0 Uncommon trap: reason=unstable_if action=reinterpret pc=0x000002c007af062c method=java.io.WinNTFileSystem.resolve(Ljava/lang/String;Ljava/lang/String;)Ljava/lang/String; @ 19 c2
Event: 8.561 Thread 0x000002c07f6449b0 DEOPT PACKING pc=0x000002c007af062c sp=0x000000d467afafa0
Event: 8.561 Thread 0x000002c07f6449b0 DEOPT UNPACKING pc=0x000002c0075869a3 sp=0x000000d467afaf48 mode 2

Classes loaded (20 events):
Event: 8.441 Loading class sun/security/provider/SHA5$SHA512
Event: 8.441 Loading class sun/security/provider/SHA5
Event: 8.441 Loading class sun/security/provider/SHA5 done
Event: 8.441 Loading class sun/security/provider/SHA5$SHA512 done
Event: 8.444 Loading class sun/security/provider/ByteArrayAccess$LE
Event: 8.445 Loading class sun/security/provider/ByteArrayAccess$LE done
Event: 8.563 Loading class java/io/File$TempDirectory
Event: 8.563 Loading class java/io/File$TempDirectory done
Event: 8.695 Loading class java/util/concurrent/Semaphore
Event: 8.696 Loading class java/util/concurrent/Semaphore done
Event: 8.701 Loading class java/nio/file/FileVisitOption
Event: 8.702 Loading class java/nio/file/FileVisitOption done
Event: 8.712 Loading class java/util/stream/ReduceOps$1
Event: 8.713 Loading class java/util/stream/ReduceOps$1 done
Event: 8.713 Loading class java/util/stream/ReduceOps$1ReducingSink
Event: 8.713 Loading class java/util/stream/ReduceOps$1ReducingSink done
Event: 8.895 Loading class java/util/function/UnaryOperator
Event: 8.895 Loading class java/util/function/UnaryOperator done
Event: 9.050 Loading class java/util/Collections$2
Event: 9.050 Loading class java/util/Collections$2 done

Classes unloaded (0 events):
No events

Classes redefined (0 events):
No events

Internal exceptions (20 events):
Event: 6.774 Thread 0x000002c075a80d80 Exception <a 'java/io/IOException'{0x000000008c701df8}> (0x000000008c701df8) 
thrown [s\src\hotspot\share\prims\jni.cpp, line 516]
Event: 6.788 Thread 0x000002c075a80d80 Implicit null exception at 0x000002c007b1e955 to 0x000002c007b1ef0c
Event: 6.802 Thread 0x000002c075a80d80 Exception <a 'java/lang/NoSuchMethodError'{0x000000008c76a238}: 'java.lang.Object java.lang.invoke.DirectMethodHandle$Holder.newInvokeSpecial(java.lang.Object, java.lang.Object, java.lang.Object, java.lang.Object, java.lang.Object)'> (0x000000008c76a238) 
thrown [s\src\hotspot\share\interpreter\linkResolver.cpp, line 759]
Event: 7.056 Thread 0x000002c07f104400 Exception <a 'java/lang/NoSuchMethodError'{0x000000008c4788f8}: 'void java.lang.invoke.DirectMethodHandle$Holder.invokeSpecial(java.lang.Object, java.lang.Object, java.lang.Object)'> (0x000000008c4788f8) 
thrown [s\src\hotspot\share\interpreter\linkResolver.cpp, line 759]
Event: 7.247 Thread 0x000002c07f6449b0 Exception <a 'java/lang/NoSuchMethodError'{0x000000008bebc618}: 'long java.lang.invoke.DirectMethodHandle$Holder.invokeInterface(java.lang.Object, java.lang.Object)'> (0x000000008bebc618) 
thrown [s\src\hotspot\share\interpreter\linkResolver.cpp, line 759]
Event: 7.438 Thread 0x000002c07f6449b0 Exception <a 'java/lang/NoSuchMethodError'{0x000000008bace9c0}: 'void java.lang.invoke.DirectMethodHandle$Holder.invokeStatic(java.lang.Object, java.lang.Object)'> (0x000000008bace9c0) 
thrown [s\src\hotspot\share\interpreter\linkResolver.cpp, line 759]
Event: 7.541 Thread 0x000002c07f6449b0 Exception <a 'java/lang/NoSuchMethodError'{0x000000008b71a298}: 'int java.lang.invoke.DirectMethodHandle$Holder.invokeVirtual(java.lang.Object, java.lang.Object, java.lang.Object)'> (0x000000008b71a298) 
thrown [s\src\hotspot\share\interpreter\linkResolver.cpp, line 759]
Event: 7.677 Thread 0x000002c07f6449b0 Exception <a 'java/lang/NoSuchMethodError'{0x000000008b5df5f8}: 'java.lang.Object java.lang.invoke.DirectMethodHandle$Holder.newInvokeSpecial(java.lang.Object, java.lang.Object, java.lang.Object, java.lang.Object, java.lang.Object, java.lang.Object)'> (0x000000008b5df5f8) 
thrown [s\src\hotspot\share\interpreter\linkResolver.cpp, line 759]
Event: 7.851 Thread 0x000002c07f6449b0 Exception <a 'java/lang/NoSuchMethodError'{0x000000008b2c2e78}: 'void java.lang.invoke.DelegatingMethodHandle$Holder.reinvoke_L(java.lang.Object, java.lang.Object, java.lang.Object, java.lang.Object, java.lang.Object, java.lang.Object, java.lang.Object, java.lang.Object, java.lang.Object, java.lang.Object)'> (0x000000008b2c2e78) 
thrown [s\src\hotspot\share\interpreter\linkResolver.cpp, line 759]
Event: 7.853 Thread 0x000002c07f6449b0 Exception <a 'java/lang/NoSuchMethodError'{0x000000008b2cb2e8}: 'java.lang.Object java.lang.invoke.DirectMethodHandle$Holder.invokeSpecial(java.lang.Object, java.lang.Object, java.lang.Object, java.lang.Object, java.lang.Object, java.lang.Object, java.lang.Object, java.lang.Object, java.lang.Object, java.lang.Object)'> (0x000000008b2cb2e8) 
thrown [s\src\hotspot\share\interpreter\linkResolver.cpp, line 759]
Event: 7.854 Thread 0x000002c07f6449b0 Exception <a 'java/lang/NoSuchMethodError'{0x000000008b2cfbb8}: 'java.lang.Object java.lang.invoke.Invokers$Holder.invoker(java.lang.Object, java.lang.Object, java.lang.Object, java.lang.Object, java.lang.Object, java.lang.Object, java.lang.Object, java.lang.Object, java.lang.Object, java.lang.Object)'> (0x000000008b2cfbb8) 
thrown [s\src\hotspot\share\interpreter\linkResolver.cpp, line 759]
Event: 7.856 Thread 0x000002c07f6449b0 Exception <a 'java/lang/NoSuchMethodError'{0x000000008b2d57c0}: 'java.lang.Object java.lang.invoke.DirectMethodHandle$Holder.invokeSpecial(java.lang.Object, java.lang.Object, java.lang.Object, java.lang.Object, java.lang.Object, java.lang.Object, java.lang.Object, java.lang.Object, java.lang.Object, java.lang.Object, java.lang.Object)'> (0x000000008b2d57c0) 
thrown [s\src\hotspot\share\interpreter\linkResolver.cpp, line 759]
Event: 8.277 Thread 0x000002c07f6449b0 Exception <a 'java/lang/NoSuchMethodError'{0x000000008a4486a0}: 'java.lang.Object java.lang.invoke.DirectMethodHandle$Holder.newInvokeSpecial(java.lang.Object, java.lang.Object, int)'> (0x000000008a4486a0) 
thrown [s\src\hotspot\share\interpreter\linkResolver.cpp, line 759]
Event: 8.412 Thread 0x000002c07f6449b0 Exception <a 'java/lang/NoSuchMethodError'{0x000000008a151e58}: 'int java.lang.invoke.DirectMethodHandle$Holder.invokeStatic(java.lang.Object, java.lang.Object, int)'> (0x000000008a151e58) 
thrown [s\src\hotspot\share\interpreter\linkResolver.cpp, line 759]
Event: 8.590 Thread 0x000002c07f6449b0 Exception <a 'java/lang/NoSuchMethodError'{0x0000000089fcb9c8}: 'void java.lang.invoke.DirectMethodHandle$Holder.invokeStatic(java.lang.Object, java.lang.Object, java.lang.Object, java.lang.Object)'> (0x0000000089fcb9c8) 
thrown [s\src\hotspot\share\interpreter\linkResolver.cpp, line 759]
Event: 8.591 Thread 0x000002c07f6449b0 Exception <a 'java/lang/NoSuchMethodError'{0x0000000089fcfe68}: 'void java.lang.invoke.DirectMethodHandle$Holder.invokeStaticInit(java.lang.Object, java.lang.Object, java.lang.Object, java.lang.Object)'> (0x0000000089fcfe68) 
thrown [s\src\hotspot\share\interpreter\linkResolver.cpp, line 759]
Event: 8.657 Thread 0x000002c07f6449b0 Exception <a 'java/lang/NoSuchMethodError'{0x0000000089e34800}: 'java.lang.Object java.lang.invoke.DirectMethodHandle$Holder.invokeInterface(java.lang.Object, java.lang.Object, java.lang.Object)'> (0x0000000089e34800) 
thrown [s\src\hotspot\share\interpreter\linkResolver.cpp, line 759]
Event: 8.707 Thread 0x000002c07f6449b0 Exception <a 'java/lang/NoSuchMethodError'{0x0000000089d219a0}: 'int java.lang.invoke.DirectMethodHandle$Holder.invokeSpecialIFC(java.lang.Object, java.lang.Object, java.lang.Object, java.lang.Object)'> (0x0000000089d219a0) 
thrown [s\src\hotspot\share\interpreter\linkResolver.cpp, line 759]
Event: 8.712 Thread 0x000002c07f6449b0 Exception <a 'java/lang/IncompatibleClassChangeError'{0x0000000089d30708}: Found class java.lang.Object, but interface was expected> (0x0000000089d30708) 
thrown [s\src\hotspot\share\interpreter\linkResolver.cpp, line 826]
Event: 9.006 Thread 0x000002c07f6449b0 Exception <a 'java/lang/IncompatibleClassChangeError'{0x000000008985ce28}: Found class java.lang.Object, but interface was expected> (0x000000008985ce28) 
thrown [s\src\hotspot\share\interpreter\linkResolver.cpp, line 826]

VM Operations (20 events):
Event: 6.247 Executing VM operation: HandshakeAllThreads
Event: 6.247 Executing VM operation: HandshakeAllThreads done
Event: 6.247 Executing VM operation: Cleanup
Event: 6.247 Executing VM operation: Cleanup done
Event: 6.411 Executing VM operation: HandshakeAllThreads
Event: 6.411 Executing VM operation: HandshakeAllThreads done
Event: 6.471 Executing VM operation: HandshakeAllThreads
Event: 6.471 Executing VM operation: HandshakeAllThreads done
Event: 6.586 Executing VM operation: HandshakeAllThreads
Event: 6.586 Executing VM operation: HandshakeAllThreads done
Event: 6.852 Executing VM operation: HandshakeAllThreads
Event: 6.853 Executing VM operation: HandshakeAllThreads done
Event: 7.853 Executing VM operation: Cleanup
Event: 7.854 Executing VM operation: Cleanup done
Event: 8.857 Executing VM operation: Cleanup
Event: 8.858 Executing VM operation: Cleanup done
Event: 8.948 Executing VM operation: HandshakeAllThreads
Event: 8.948 Executing VM operation: HandshakeAllThreads done
Event: 8.949 Executing VM operation: HandshakeAllThreads
Event: 8.949 Executing VM operation: HandshakeAllThreads done

Memory protections (0 events):
No events

Nmethod flushes (0 events):
No events

Events (20 events):
Event: 0.906 Thread 0x000002c07efba1c0 Thread added: 0x000002c07efb71f0
Event: 0.972 Thread 0x000002c07efba1c0 Thread added: 0x000002c07efba710
Event: 2.747 Thread 0x000002c07efba710 Thread exited: 0x000002c07efba710
Event: 3.768 Thread 0x000002c07efb71f0 Thread exited: 0x000002c07efb71f0
Event: 5.161 Thread 0x000002c07efba1c0 Thread added: 0x000002c07efba710
Event: 5.382 Thread 0x000002c075a80d80 Thread added: 0x000002c07f106260
Event: 5.638 Thread 0x000002c07efba710 Thread exited: 0x000002c07efba710
Event: 6.625 Thread 0x000002c075a80d80 Thread added: 0x000002c07f104e20
Event: 6.818 Thread 0x000002c075a80d80 Thread added: 0x000002c07f1039e0
Event: 6.913 Thread 0x000002c07f104e20 Thread added: 0x000002c07f104400
Event: 6.922 Thread 0x000002c07f104400 Thread added: 0x000002c07f104910
Event: 6.989 Thread 0x000002c07f104400 Thread added: 0x000002c07f105d50
Event: 7.058 Thread 0x000002c07f104400 Thread added: 0x000002c07f6449b0
Event: 7.077 Thread 0x000002c07f6449b0 Thread added: 0x000002c07f645df0
Event: 7.084 Thread 0x000002c07f6449b0 Thread added: 0x000002c07f643a80
Event: 7.102 Thread 0x000002c07f6449b0 Thread added: 0x000002c07f643f90
Event: 8.274 Thread 0x000002c07f6449b0 Thread added: 0x000002c07f643060
Event: 8.325 Thread 0x000002c07f6449b0 Thread added: 0x000002c07f646810
Event: 8.479 Thread 0x000002c07f6449b0 Thread added: 0x000002c07f646d20
Event: 9.037 Thread 0x000002c07efba1c0 Thread added: 0x000002c07efb7740


Dynamic libraries:
0x00007ff768ea0000 - 0x00007ff768eae000 	C:\Users\Proprietário\.jdks\temurin-17.0.19\bin\java.exe
0x00007ffd5afe0000 - 0x00007ffd5b247000 	C:\Windows\SYSTEM32\ntdll.dll
0x00007ffd599c0000 - 0x00007ffd59a89000 	C:\Windows\System32\KERNEL32.DLL
0x00007ffd586c0000 - 0x00007ffd58aaf000 	C:\Windows\System32\KERNELBASE.dll
0x00007ffd58440000 - 0x00007ffd5858b000 	C:\Windows\System32\ucrtbase.dll
0x00007ffd42530000 - 0x00007ffd42548000 	C:\Users\Proprietário\.jdks\temurin-17.0.19\bin\jli.dll
0x00007ffd42640000 - 0x00007ffd4265e000 	C:\Users\Proprietário\.jdks\temurin-17.0.19\bin\VCRUNTIME140.dll
0x00007ffd5a1f0000 - 0x00007ffd5a3b5000 	C:\Windows\System32\USER32.dll
0x00007ffd58410000 - 0x00007ffd58437000 	C:\Windows\System32\win32u.dll
0x00007ffd5a3c0000 - 0x00007ffd5a3eb000 	C:\Windows\System32\GDI32.dll
0x00007ffd38cf0000 - 0x00007ffd38f83000 	C:\Windows\WinSxS\amd64_microsoft.windows.common-controls_6595b64144ccf1df_6.0.26100.7309_none_3e05feeae336a044\COMCTL32.dll
0x00007ffd5ad00000 - 0x00007ffd5ada9000 	C:\Windows\System32\msvcrt.dll
0x00007ffd58590000 - 0x00007ffd586bc000 	C:\Windows\System32\gdi32full.dll
0x00007ffd581e0000 - 0x00007ffd58283000 	C:\Windows\System32\msvcp_win.dll
0x00007ffd5a590000 - 0x00007ffd5a5c1000 	C:\Windows\System32\IMM32.DLL
0x00007ffd42630000 - 0x00007ffd4263c000 	C:\Users\Proprietário\.jdks\temurin-17.0.19\bin\vcruntime140_1.dll
0x00007ffd424a0000 - 0x00007ffd4252d000 	C:\Users\Proprietário\.jdks\temurin-17.0.19\bin\msvcp140.dll
0x00007ffcbad10000 - 0x00007ffcbb97c000 	C:\Users\Proprietário\.jdks\temurin-17.0.19\bin\server\jvm.dll
0x00007ffd5a920000 - 0x00007ffd5a9d4000 	C:\Windows\System32\ADVAPI32.dll
0x00007ffd5aae0000 - 0x00007ffd5ab86000 	C:\Windows\System32\sechost.dll
0x00007ffd59890000 - 0x00007ffd599a8000 	C:\Windows\System32\RPCRT4.dll
0x00007ffd58ff0000 - 0x00007ffd59064000 	C:\Windows\System32\WS2_32.dll
0x00007ffd57f90000 - 0x00007ffd57fee000 	C:\Windows\SYSTEM32\POWRPROF.dll
0x00007ffd4fb50000 - 0x00007ffd4fb85000 	C:\Windows\SYSTEM32\WINMM.dll
0x00007ffd51010000 - 0x00007ffd5101b000 	C:\Windows\SYSTEM32\VERSION.dll
0x00007ffd57f70000 - 0x00007ffd57f84000 	C:\Windows\SYSTEM32\UMPDC.dll
0x00007ffd56ea0000 - 0x00007ffd56ebb000 	C:\Windows\SYSTEM32\kernel.appcore.dll
0x00007ffd42490000 - 0x00007ffd4249a000 	C:\Users\Proprietário\.jdks\temurin-17.0.19\bin\jimage.dll
0x00007ffd55a90000 - 0x00007ffd55cd2000 	C:\Windows\SYSTEM32\DBGHELP.DLL
0x00007ffd59070000 - 0x00007ffd593f6000 	C:\Windows\System32\combase.dll
0x00007ffd5abb0000 - 0x00007ffd5ac86000 	C:\Windows\System32\OLEAUT32.dll
0x00007ffd46eb0000 - 0x00007ffd46eec000 	C:\Windows\SYSTEM32\dbgcore.DLL
0x00007ffd58130000 - 0x00007ffd581d5000 	C:\Windows\System32\bcryptPrimitives.dll
0x00007ffd42480000 - 0x00007ffd4248e000 	C:\Users\Proprietário\.jdks\temurin-17.0.19\bin\instrument.dll
0x00007ffd39680000 - 0x00007ffd396a5000 	C:\Users\Proprietário\.jdks\temurin-17.0.19\bin\java.dll
0x00007ffcd3b40000 - 0x00007ffcd3c17000 	C:\Users\Proprietário\.jdks\temurin-17.0.19\bin\jsvml.dll
0x00007ffd59a90000 - 0x00007ffd5a1e3000 	C:\Windows\System32\SHELL32.dll
0x00007ffd58b50000 - 0x00007ffd58cba000 	C:\Windows\System32\wintypes.dll
0x00007ffd55d10000 - 0x00007ffd5656e000 	C:\Windows\SYSTEM32\windows.storage.dll
0x00007ffd5ade0000 - 0x00007ffd5aed5000 	C:\Windows\System32\SHCORE.dll
0x00007ffd58f70000 - 0x00007ffd58fd6000 	C:\Windows\System32\shlwapi.dll
0x00007ffd58050000 - 0x00007ffd58079000 	C:\Windows\SYSTEM32\profapi.dll
0x00007ffd3c760000 - 0x00007ffd3c778000 	C:\Users\Proprietário\.jdks\temurin-17.0.19\bin\zip.dll
0x00007ffd36ee0000 - 0x00007ffd36efa000 	C:\Users\Proprietário\.jdks\temurin-17.0.19\bin\net.dll
0x00007ffd4c4f0000 - 0x00007ffd4c618000 	C:\Windows\SYSTEM32\WINHTTP.dll
0x00007ffd573f0000 - 0x00007ffd5745b000 	C:\Windows\system32\mswsock.dll
0x00007ffd2f8d0000 - 0x00007ffd2f8e6000 	C:\Users\Proprietário\.jdks\temurin-17.0.19\bin\nio.dll
0x00007ffd42470000 - 0x00007ffd42480000 	C:\Users\Proprietário\.jdks\temurin-17.0.19\bin\verify.dll
0x00007ffd3b160000 - 0x00007ffd3b187000 	C:\gradle\native\660c5614fbf4a5f2a75b1949f50a0caf5cd603558e7d8a26e50b933a0cfb79d1\windows-amd64\native-platform.dll
0x00007ffd39140000 - 0x00007ffd391b7000 	C:\gradle\native\0.2.8\x86_64-windows-gnu\gradle-fileevents.dll
0x00007ffd3f2c0000 - 0x00007ffd3f2ca000 	C:\Users\Proprietário\.jdks\temurin-17.0.19\bin\management.dll
0x00007ffd3eec0000 - 0x00007ffd3eecc000 	C:\Users\Proprietário\.jdks\temurin-17.0.19\bin\management_ext.dll
0x00007ffd599b0000 - 0x00007ffd599b8000 	C:\Windows\System32\PSAPI.DLL
0x00007ffd56890000 - 0x00007ffd568c4000 	C:\Windows\SYSTEM32\IPHLPAPI.DLL
0x00007ffd5acf0000 - 0x00007ffd5acfa000 	C:\Windows\System32\NSI.dll
0x00007ffd4c3b0000 - 0x00007ffd4c3ce000 	C:\Windows\SYSTEM32\dhcpcsvc6.DLL
0x00007ffd4c300000 - 0x00007ffd4c323000 	C:\Windows\SYSTEM32\dhcpcsvc.DLL
0x00007ffd56920000 - 0x00007ffd56a4c000 	C:\Windows\SYSTEM32\DNSAPI.dll
0x00007ffd3cc80000 - 0x00007ffd3cc89000 	C:\Users\Proprietário\.jdks\temurin-17.0.19\bin\extnet.dll
0x00007ffd577e0000 - 0x00007ffd577fb000 	C:\Windows\SYSTEM32\CRYPTSP.dll
0x00007ffd56e00000 - 0x00007ffd56e3a000 	C:\Windows\system32\rsaenh.dll
0x00007ffd574a0000 - 0x00007ffd574cb000 	C:\Windows\SYSTEM32\USERENV.dll
0x00007ffd58020000 - 0x00007ffd5804a000 	C:\Windows\SYSTEM32\bcrypt.dll
0x00007ffd57640000 - 0x00007ffd5764c000 	C:\Windows\SYSTEM32\CRYPTBASE.dll
0x00007ffd3c880000 - 0x00007ffd3c88e000 	C:\Users\Proprietário\.jdks\temurin-17.0.19\bin\sunmscapi.dll
0x00007ffd58290000 - 0x00007ffd58407000 	C:\Windows\System32\CRYPT32.dll
0x00007ffd57930000 - 0x00007ffd57960000 	C:\Windows\SYSTEM32\ncrypt.dll
0x00007ffd578e0000 - 0x00007ffd5791f000 	C:\Windows\SYSTEM32\NTASN1.dll
0x00007ffd47e20000 - 0x00007ffd47e28000 	C:\Windows\system32\wshunix.dll

dbghelp: loaded successfully - version: 4.0.5 - missing functions: none
symbol engine: initialized successfully - sym options: 0x614 - pdb path: .;C:\Users\Proprietário\.jdks\temurin-17.0.19\bin;C:\Windows\SYSTEM32;C:\Windows\WinSxS\amd64_microsoft.windows.common-controls_6595b64144ccf1df_6.0.26100.7309_none_3e05feeae336a044;C:\Users\Proprietário\.jdks\temurin-17.0.19\bin\server;C:\gradle\native\660c5614fbf4a5f2a75b1949f50a0caf5cd603558e7d8a26e50b933a0cfb79d1\windows-amd64;C:\gradle\native\0.2.8\x86_64-windows-gnu

VM Arguments:
jvm_args: --add-opens=java.base/java.lang=ALL-UNNAMED --add-opens=java.base/java.lang.invoke=ALL-UNNAMED --add-opens=java.base/java.util=ALL-UNNAMED --add-opens=java.prefs/java.util.prefs=ALL-UNNAMED --add-exports=jdk.compiler/com.sun.tools.javac.api=ALL-UNNAMED --add-exports=jdk.compiler/com.sun.tools.javac.util=ALL-UNNAMED --add-opens=java.base/java.util=ALL-UNNAMED --add-opens=java.prefs/java.util.prefs=ALL-UNNAMED --add-opens=java.base/java.nio.charset=ALL-UNNAMED --add-opens=java.base/java.net=ALL-UNNAMED --add-opens=java.base/java.util.concurrent=ALL-UNNAMED --add-opens=java.base/java.util.concurrent.atomic=ALL-UNNAMED --add-opens=java.xml/javax.xml.namespace=ALL-UNNAMED --add-opens=java.base/java.time=ALL-UNNAMED -Xmx2048m -Dfile.encoding=UTF-8 -Duser.country=PT -Duser.language=pt -Duser.variant -javaagent:C:\gradle\wrapper\dists\gradle-9.3.0-bin\79n14ral3mx1ozqr3csh2u872\gradle-9.3.0\lib\agents\gradle-instrumentation-agent-9.3.0.jar 
java_command: org.gradle.launcher.daemon.bootstrap.GradleDaemon 9.3.0
java_class_path (initial): C:\gradle\wrapper\dists\gradle-9.3.0-bin\79n14ral3mx1ozqr3csh2u872\gradle-9.3.0\lib\gradle-daemon-main-9.3.0.jar
Launcher Type: SUN_STANDARD

[Global flags]
     intx CICompilerCount                          = 4                                         {product} {ergonomic}
     uint ConcGCThreads                            = 2                                         {product} {ergonomic}
     uint G1ConcRefinementThreads                  = 8                                         {product} {ergonomic}
   size_t G1HeapRegionSize                         = 1048576                                   {product} {ergonomic}
    uintx GCDrainStackTargetSize                   = 64                                        {product} {ergonomic}
   size_t InitialHeapSize                          = 234881024                                 {product} {ergonomic}
   size_t MarkStackSize                            = 4194304                                   {product} {ergonomic}
   size_t MaxHeapSize                              = 2147483648                                {product} {command line}
   size_t MaxNewSize                               = 1287651328                                {product} {ergonomic}
   size_t MinHeapDeltaBytes                        = 1048576                                   {product} {ergonomic}
   size_t MinHeapSize                              = 8388608                                   {product} {ergonomic}
    uintx NonNMethodCodeHeapSize                   = 5839372                                {pd product} {ergonomic}
    uintx NonProfiledCodeHeapSize                  = 122909434                              {pd product} {ergonomic}
    uintx ProfiledCodeHeapSize                     = 122909434                              {pd product} {ergonomic}
    uintx ReservedCodeCacheSize                    = 251658240                              {pd product} {ergonomic}
     bool SegmentedCodeCache                       = true                                      {product} {ergonomic}
   size_t SoftMaxHeapSize                          = 2147483648                             {manageable} {ergonomic}
     bool UseCompressedClassPointers               = true                           {product lp64_product} {ergonomic}
     bool UseCompressedOops                        = true                           {product lp64_product} {ergonomic}
     bool UseG1GC                                  = true                                      {product} {ergonomic}
     bool UseLargePagesIndividualAllocation        = false                                  {pd product} {ergonomic}

Logging:
Log output configuration:
 #0: stdout all=warning uptime,level,tags
 #1: stderr all=off uptime,level,tags

Environment Variables:
PATH=C:\Program Files\Common Files\Oracle\Java\javapath;C:\Windows\system32;C:\Windows;C:\Windows\System32\Wbem;C:\Windows\System32\WindowsPowerShell\v1.0\;C:\Windows\System32\OpenSSH\;C:\ProgramData\ComposerSetup\bin;C:\Program Files\Git\cmd;C:\Users\Proprietário\AppData\Local\Programs\Python\Python314;C:\Users\Proprietário\AppData\Local\Programs\Python\Python314\Scripts\;C:\Users\Proprietário\AppData\Local\Programs\Python\Python314\;C:\Program Files\MySQL\MySQL Shell 8.0\bin\;C:\Users\Proprietário\AppData\Local\Microsoft\WindowsApps;C:\Users\Proprietário\AppData\Local\Programs\Microsoft VS Code\bin;C:\Program Files\MySQL\MySQL Shell 8.0\bin;C:\xampp\php;C:\Users\Proprietário\AppData\Roaming\Composer\vendor\bin;C:\Users\Proprietário\symfony;
USERNAME=Proprietário
OS=Windows_NT
PROCESSOR_IDENTIFIER=AMD64 Family 23 Model 24 Stepping 1, AuthenticAMD
TMP=C:\Users\PROPRI~1\AppData\Local\Temp
TEMP=C:\Users\PROPRI~1\AppData\Local\Temp



Periodic native trim disabled


---------------  S Y S T E M  ---------------

OS:
 Windows 11 , 64 bit Build 26100 (10.0.26100.7623)
OS uptime: 0 days 1:32 hours
Hyper-V role detected

CPU: total 8 (initial active 8) (8 cores per cpu, 2 threads per core) family 23 model 24 stepping 1 microcode 0x8108109, cx8, cmov, fxsr, ht, mmx, 3dnowpref, sse, sse2, sse3, ssse3, sse4a, sse4.1, sse4.2, popcnt, lzcnt, tsc, tscinvbit, avx, avx2, aes, clmul, bmi1, bmi2, adx, sha, fma, vzeroupper, clflush, clflushopt, hv
Processor Information for all 8 processors :
  Max Mhz: 2300, Current Mhz: 2300, Mhz Limit: 2300

Memory: 4k page, system-wide physical 14245M (2128M free)
TotalPageFile size 15100M (AvailPageFile size 5M)
current process WorkingSet (physical memory assigned to process): 208M, peak: 208M
current process commit charge ("private bytes"): 385M, peak: 386M

vm_info: OpenJDK 64-Bit Server VM (17.0.19+10) for windows-amd64 JRE (17.0.19+10), built on Apr 25 2026 08:04:44 by "admin" with MS VC++ 17.12 (VS2022)

END.
